// Jest Snapshot v1, https://goo.gl/fbAQLP

exports[`ItemDetail should match snapshot 1`] = `
<Content>
  <BreadcrumbMenu />
  <WithStyles(ForwardRef(Grid))
    className="item-detail"
    container={true}
  >
    <WithStyles(ForwardRef(Grid))
      item={true}
      xs={9}
    >
      <img
        alt="imagen detalle de producto"
        className="item-detail__picture"
        src="https://www.revistaneo.com/sites/default/files/2020-01/Mercado%20Libre%20dio%20a%20conocer%20los%20productos%20m%C3%A1s%20vendidos%20en%202019.jpg"
      />
      <h3
        className="item-detail__description-title"
      >
        Descripci√≥n del producto
      </h3>
      <p
        className="item-detail__description-content"
      >
        In vehicula iaculis dolor quis tempor. Praesent vitae neque quis diam efficitur aliquet vel eu metus. Sed finibus lorem non efficitur dapibus. Ut sodales id nisl sed ultrices. Lorem ipsum dolor sit amet, consectetur adipiscing elit. In ullamcorper ultricies laoreet. Vivamus dignissim finibus erat, ac mattis nulla scelerisque id. Proin ornare arcu velit, quis aliquam lorem molestie id. Nulla mattis gravida metus, et bibendum tortor scelerisque vitae.
      </p>
    </WithStyles(ForwardRef(Grid))>
    <WithStyles(ForwardRef(Grid))
      item={true}
      sm={3}
      xs={10}
    >
      <p
        className="item-detail__condition"
      >
         Nuevo - 24 vendidos
      </p>
      <h1
        className="item-detail__name"
      >
         Deco Reverse Sombrero Oxford
      </h1>
      <Price
        price="1.980,00"
        small={false}
      />
      <PrimaryButton
        clickHandler={[Function]}
        text="Comprar"
      />
    </WithStyles(ForwardRef(Grid))>
  </WithStyles(ForwardRef(Grid))>
</Content>
`;
