// Jest Snapshot v1, https://goo.gl/fbAQLP

exports[`Header should match snapshot 1`] = `
<div
  className="header"
>
  <WithStyles(ForwardRef(Container))>
    <WithStyles(ForwardRef(Grid))
      container={true}
      justify="center"
    >
      <WithStyles(ForwardRef(Grid))
        item={true}
        xs={10}
      >
        <div
          className="header__content"
        >
          <Link
            to="/"
          >
            <Logo />
          </Link>
          <SearchForm />
        </div>
      </WithStyles(ForwardRef(Grid))>
    </WithStyles(ForwardRef(Grid))>
  </WithStyles(ForwardRef(Container))>
</div>
`;
