// Jest Snapshot v1, https://goo.gl/fbAQLP

exports[`SearchButton should match snapshot 1`] = `
<button
  className="search-button"
  onClick={[MockFunction]}
/>
`;
