// Jest Snapshot v1, https://goo.gl/fbAQLP

exports[`PrimaryButton should match snapshot 1`] = `
<button
  className="primary-button"
  onClick={[MockFunction]}
>
  Compra
</button>
`;
