// Jest Snapshot v1, https://goo.gl/fbAQLP

exports[`SearchForm should match snapshot 1`] = `
<form
  className="search-form"
>
  <SearchInput
    changeHandler={[MockFunction]}
    value="Laptop"
  />
  <SearchButton
    clickHandler={[MockFunction]}
  />
</form>
`;
