// Jest Snapshot v1, https://goo.gl/fbAQLP

exports[`TextButton should match snapshot 1`] = `
<a
  className="text-button"
  onClick={[MockFunction]}
>
  Bread
</a>
`;
